2026-09-28 01:20:45 - INFO - ================================================================================
2026-09-28 01:20:45 - INFO - 开始获取彩票开奖结果...
2026-09-28 01:20:45 - INFO - ================================================================================
2026-09-28 01:20:45 - INFO - 
开始获取港彩开奖结果...
2026-09-28 01:20:45 - INFO - 尝试从主API获取港彩数据: https://macaumarksix.com/api/hkjc.com
2026-09-28 01:20:46 - INFO - 尝试从香港马会官网获取港彩开奖号码: https://info.cld.hkjc.com/graphql/base/
2026-09-28 01:20:47 - INFO - 马会官网港彩第104期：4,28,31,44,47,48,19
2026-09-28 01:20:47 - INFO - 港彩开奖结果：第104期：48 44 31 47 28 04 特码 19
2026-09-28 01:20:47 - INFO - ✅ 已保存港彩开奖结果到 hk.txt
2026-09-28 01:20:47 - INFO - ✅ 已更新港彩下一期开奖时间信息
2026-09-28 01:20:49 - INFO - ================================================================================
2026-09-28 01:20:49 - INFO - 
开始获取新澳开奖结果...
2026-09-28 01:20:49 - INFO - 尝试从主API获取新澳数据: https://macaumarksix.com/api/macaujc2.com
2026-09-28 01:20:49 - INFO - 新澳开奖结果：第270期：39 34 20 24 17 06 特码 19
2026-09-28 01:20:49 - INFO - ✅ 已保存新澳开奖结果到 xam.txt
2026-09-28 01:20:49 - INFO - ✅ 已更新新澳下一期开奖时间信息
2026-09-28 01:20:51 - INFO - ================================================================================
2026-09-28 01:20:51 - INFO - 
开始获取老澳开奖结果...
2026-09-28 01:20:51 - INFO - 尝试从主API获取老澳数据: https://macaumarksix.com/api/live
2026-09-28 01:20:51 - INFO - 老澳开奖结果：第270期：35 09 22 24 15 04 特码 07
2026-09-28 01:20:51 - INFO - ✅ 已保存老澳开奖结果到 lam.txt
2026-09-28 01:20:51 - INFO - ✅ 已更新老澳下一期开奖时间信息
2026-09-28 01:20:53 - INFO - ================================================================================
2026-09-28 01:20:53 - INFO - 
开始获取快乐8开奖结果...
2026-09-28 01:20:53 - INFO - 尝试从主API获取快乐8数据: https://49xr.cc/data/xjp.js
2026-09-28 01:20:54 - ERROR - 获取API数据出错: ('Connection aborted.', RemoteDisconnected('Remote end closed connection without response'))
2026-09-28 01:20:54 - ERROR - ❌ 获取快乐8数据失败
2026-09-28 01:20:54 - INFO - 
✅ time.txt 读取成功
2026-09-28 01:20:54 - INFO - === time.txt 内容 ===
2026-09-28 01:20:54 - INFO - 港彩第105期：09月27日 21点32分
新澳第271期：09月28日 21点32分
老澳第271期：09月28日 22点32分
2026-09-28 01:20:54 - INFO - === time.txt 内容结束 ===

================= 日志内容结束 =================
2026-09-28 02:11:28 - INFO - ================================================================================
2026-09-28 02:11:28 - INFO - 开始获取彩票开奖结果...
2026-09-28 02:11:28 - INFO - ================================================================================
2026-09-28 02:11:28 - INFO - 
开始获取港彩开奖结果...
2026-09-28 02:11:28 - INFO - 尝试从主API获取港彩数据: https://macaumarksix.com/api/hkjc.com
2026-09-28 02:11:28 - INFO - 尝试从香港马会官网获取港彩开奖号码: https://info.cld.hkjc.com/graphql/base/
2026-09-28 02:11:28 - INFO - 马会官网港彩第104期：4,28,31,44,47,48,19
2026-09-28 02:11:28 - INFO - 港彩开奖结果：第104期：48 44 31 47 28 04 特码 19
2026-09-28 02:11:28 - INFO - ✅ 已保存港彩开奖结果到 hk.txt
2026-09-28 02:11:28 - INFO - ✅ 已更新港彩下一期开奖时间信息
2026-09-28 02:11:30 - INFO - ================================================================================
2026-09-28 02:11:30 - INFO - 
开始获取新澳开奖结果...
2026-09-28 02:11:30 - INFO - 尝试从主API获取新澳数据: https://macaumarksix.com/api/macaujc2.com
2026-09-28 02:11:30 - INFO - 新澳开奖结果：第270期：39 34 20 24 17 06 特码 19
2026-09-28 02:11:30 - INFO - ✅ 已保存新澳开奖结果到 xam.txt
2026-09-28 02:11:30 - INFO - ✅ 已更新新澳下一期开奖时间信息
2026-09-28 02:11:33 - INFO - ================================================================================
2026-09-28 02:11:33 - INFO - 
开始获取老澳开奖结果...
2026-09-28 02:11:33 - INFO - 尝试从主API获取老澳数据: https://macaumarksix.com/api/live
2026-09-28 02:11:33 - INFO - 老澳开奖结果：第270期：35 09 22 24 15 04 特码 07
2026-09-28 02:11:33 - INFO - ✅ 已保存老澳开奖结果到 lam.txt
2026-09-28 02:11:33 - INFO - ✅ 已更新老澳下一期开奖时间信息
2026-09-28 02:11:34 - INFO - ================================================================================
2026-09-28 02:11:34 - INFO - 
开始获取快乐8开奖结果...
2026-09-28 02:11:34 - INFO - 尝试从主API获取快乐8数据: https://49xr.cc/data/xjp.js
2026-09-28 02:11:35 - ERROR - 获取API数据出错: ('Connection aborted.', RemoteDisconnected('Remote end closed connection without response'))
2026-09-28 02:11:35 - ERROR - ❌ 获取快乐8数据失败
2026-09-28 02:11:35 - INFO - 
✅ time.txt 读取成功
2026-09-28 02:11:35 - INFO - === time.txt 内容 ===
2026-09-28 02:11:35 - INFO - 港彩第105期：09月27日 21点32分
新澳第271期：09月28日 21点32分
老澳第271期：09月28日 22点32分
2026-09-28 02:11:35 - INFO - === time.txt 内容结束 ===

================= 日志内容结束 =================
2026-09-29 02:20:24 - INFO - ================================================================================
2026-09-29 02:20:24 - INFO - 开始获取彩票开奖结果...
2026-09-29 02:20:24 - INFO - ================================================================================
2026-09-29 02:20:24 - INFO - 
开始获取港彩开奖结果...
2026-09-29 02:20:24 - INFO - 尝试从主API获取港彩数据: https://macaumarksix.com/api/hkjc.com
2026-09-29 02:20:24 - INFO - 尝试从香港马会官网获取港彩开奖号码: https://info.cld.hkjc.com/graphql/base/
2026-09-29 02:20:24 - INFO - 马会官网港彩第104期：4,28,31,44,47,48,19
2026-09-29 02:20:24 - INFO - 港彩开奖结果：第104期：48 44 31 47 28 04 特码 19
2026-09-29 02:20:24 - INFO - ✅ 已保存港彩开奖结果到 hk.txt
2026-09-29 02:20:24 - INFO - ✅ 已更新港彩下一期开奖时间信息
2026-09-29 02:20:27 - INFO - ================================================================================
2026-09-29 02:20:27 - INFO - 
开始获取新澳开奖结果...
2026-09-29 02:20:27 - INFO - 尝试从主API获取新澳数据: https://macaumarksix.com/api/macaujc2.com
2026-09-29 02:20:27 - INFO - 新澳开奖结果：第271期：25 02 05 22 20 31 特码 35
2026-09-29 02:20:27 - INFO - ✅ 已保存新澳开奖结果到 xam.txt
2026-09-29 02:20:27 - INFO - ✅ 已更新新澳下一期开奖时间信息
2026-09-29 02:20:30 - INFO - ================================================================================
2026-09-29 02:20:30 - INFO - 
开始获取老澳开奖结果...
2026-09-29 02:20:30 - INFO - 尝试从主API获取老澳数据: https://macaumarksix.com/api/live
2026-09-29 02:20:30 - INFO - 老澳开奖结果：第271期：18 45 02 10 49 46 特码 29
2026-09-29 02:20:30 - INFO - ✅ 已保存老澳开奖结果到 lam.txt
2026-09-29 02:20:30 - INFO - ✅ 已更新老澳下一期开奖时间信息
2026-09-29 02:20:31 - INFO - ================================================================================
2026-09-29 02:20:31 - INFO - 
开始获取快乐8开奖结果...
2026-09-29 02:20:31 - INFO - 尝试从主API获取快乐8数据: https://49xr.cc/data/xjp.js
2026-09-29 02:20:32 - ERROR - 获取API数据出错: ('Connection aborted.', RemoteDisconnected('Remote end closed connection without response'))
2026-09-29 02:20:32 - ERROR - ❌ 获取快乐8数据失败
2026-09-29 02:20:32 - INFO - 
✅ time.txt 读取成功
2026-09-29 02:20:32 - INFO - === time.txt 内容 ===
2026-09-29 02:20:32 - INFO - 港彩第105期：09月27日 21点32分
新澳第272期：09月29日 21点32分
老澳第272期：09月29日 22点32分
2026-09-29 02:20:32 - INFO - === time.txt 内容结束 ===

================= 日志内容结束 =================
2026-09-29 03:10:23 - INFO - ================================================================================
2026-09-29 03:10:23 - INFO - 开始获取彩票开奖结果...
2026-09-29 03:10:23 - INFO - ================================================================================
2026-09-29 03:10:23 - INFO - 
开始获取港彩开奖结果...
2026-09-29 03:10:23 - INFO - 尝试从主API获取港彩数据: https://macaumarksix.com/api/hkjc.com
2026-09-29 03:10:23 - INFO - 尝试从香港马会官网获取港彩开奖号码: https://info.cld.hkjc.com/graphql/base/
2026-09-29 03:10:24 - INFO - 马会官网港彩第104期：4,28,31,44,47,48,19
2026-09-29 03:10:25 - INFO - 港彩开奖结果：第104期：48 44 31 47 28 04 特码 19
2026-09-29 03:10:25 - INFO - ✅ 已保存港彩开奖结果到 hk.txt
2026-09-29 03:10:25 - INFO - ✅ 已更新港彩下一期开奖时间信息
2026-09-29 03:10:27 - INFO - ================================================================================
2026-09-29 03:10:27 - INFO - 
开始获取新澳开奖结果...
2026-09-29 03:10:27 - INFO - 尝试从主API获取新澳数据: https://macaumarksix.com/api/macaujc2.com
2026-09-29 03:10:27 - INFO - 新澳开奖结果：第271期：25 02 05 22 20 31 特码 35
2026-09-29 03:10:27 - INFO - ✅ 已保存新澳开奖结果到 xam.txt
2026-09-29 03:10:27 - INFO - ✅ 已更新新澳下一期开奖时间信息
2026-09-29 03:10:29 - INFO - ================================================================================
2026-09-29 03:10:29 - INFO - 
开始获取老澳开奖结果...
2026-09-29 03:10:29 - INFO - 尝试从主API获取老澳数据: https://macaumarksix.com/api/live
2026-09-29 03:10:29 - INFO - 老澳开奖结果：第271期：18 45 02 10 49 46 特码 29
2026-09-29 03:10:29 - INFO - ✅ 已保存老澳开奖结果到 lam.txt
2026-09-29 03:10:29 - INFO - ✅ 已更新老澳下一期开奖时间信息
2026-09-29 03:10:30 - INFO - ================================================================================
2026-09-29 03:10:30 - INFO - 
开始获取快乐8开奖结果...
2026-09-29 03:10:30 - INFO - 尝试从主API获取快乐8数据: https://49xr.cc/data/xjp.js
2026-09-29 03:10:31 - ERROR - 获取API数据出错: ('Connection aborted.', RemoteDisconnected('Remote end closed connection without response'))
2026-09-29 03:10:31 - ERROR - ❌ 获取快乐8数据失败
2026-09-29 03:10:31 - INFO - 
✅ time.txt 读取成功
2026-09-29 03:10:31 - INFO - === time.txt 内容 ===
2026-09-29 03:10:31 - INFO - 港彩第105期：09月27日 21点32分
新澳第272期：09月29日 21点32分
老澳第272期：09月29日 22点32分
2026-09-29 03:10:31 - INFO - === time.txt 内容结束 ===

================= 日志内容结束 =================
2026-09-29 03:53:42 - INFO - ================================================================================
2026-09-29 03:53:42 - INFO - 开始获取彩票开奖结果...
2026-09-29 03:53:42 - INFO - ================================================================================
2026-09-29 03:53:42 - INFO - 
开始获取港彩开奖结果...
2026-09-29 03:53:42 - INFO - 尝试从主API获取港彩数据: https://macaumarksix.com/api/hkjc.com
2026-09-29 03:53:43 - INFO - 尝试从香港马会官网获取港彩开奖号码: https://info.cld.hkjc.com/graphql/base/
2026-09-29 03:53:43 - INFO - 马会官网港彩第104期：4,28,31,44,47,48,19
2026-09-29 03:53:43 - INFO - 港彩开奖结果：第104期：48 44 31 47 28 04 特码 19
2026-09-29 03:53:43 - INFO - ✅ 已保存港彩开奖结果到 hk.txt
2026-09-29 03:53:43 - INFO - ✅ 已更新港彩下一期开奖时间信息
2026-09-29 03:53:44 - INFO - ================================================================================
2026-09-29 03:53:44 - INFO - 
开始获取新澳开奖结果...
2026-09-29 03:53:44 - INFO - 尝试从主API获取新澳数据: https://macaumarksix.com/api/macaujc2.com
2026-09-29 03:53:45 - INFO - 新澳开奖结果：第271期：25 02 05 22 20 31 特码 35
2026-09-29 03:53:45 - INFO - ✅ 已保存新澳开奖结果到 xam.txt
2026-09-29 03:53:45 - INFO - ✅ 已更新新澳下一期开奖时间信息
2026-09-29 03:53:47 - INFO - ================================================================================
2026-09-29 03:53:47 - INFO - 
开始获取老澳开奖结果...
2026-09-29 03:53:47 - INFO - 尝试从主API获取老澳数据: https://macaumarksix.com/api/live
2026-09-29 03:53:47 - INFO - 老澳开奖结果：第271期：18 45 02 10 49 46 特码 29
2026-09-29 03:53:47 - INFO - ✅ 已保存老澳开奖结果到 lam.txt
2026-09-29 03:53:47 - INFO - ✅ 已更新老澳下一期开奖时间信息
2026-09-29 03:53:50 - INFO - ================================================================================
2026-09-29 03:53:50 - INFO - 
开始获取快乐8开奖结果...
2026-09-29 03:53:50 - INFO - 尝试从主API获取快乐8数据: https://49xr.cc/data/xjp.js
2026-09-29 03:53:50 - ERROR - 获取API数据出错: ('Connection aborted.', RemoteDisconnected('Remote end closed connection without response'))
2026-09-29 03:53:50 - ERROR - ❌ 获取快乐8数据失败
2026-09-29 03:53:50 - INFO - 
✅ time.txt 读取成功
2026-09-29 03:53:50 - INFO - === time.txt 内容 ===
2026-09-29 03:53:50 - INFO - 港彩第105期：09月27日 21点32分
新澳第272期：09月29日 21点32分
老澳第272期：09月29日 22点32分
2026-09-29 03:53:50 - INFO - === time.txt 内容结束 ===

================= 日志内容结束 =================
2026-09-29 04:27:03 - INFO - ================================================================================
2026-09-29 04:27:03 - INFO - 开始获取彩票开奖结果...
2026-09-29 04:27:03 - INFO - ================================================================================
2026-09-29 04:27:03 - INFO - 
开始获取港彩开奖结果...
2026-09-29 04:27:03 - INFO - 尝试从主API获取港彩数据: https://macaumarksix.com/api/hkjc.com
2026-09-29 04:27:03 - INFO - 尝试从香港马会官网获取港彩开奖号码: https://info.cld.hkjc.com/graphql/base/
2026-09-29 04:27:04 - INFO - 马会官网港彩第104期：4,28,31,44,47,48,19
2026-09-29 04:27:04 - INFO - 港彩开奖结果：第104期：48 44 31 47 28 04 特码 19
2026-09-29 04:27:04 - INFO - ✅ 已保存港彩开奖结果到 hk.txt
2026-09-29 04:27:04 - INFO - ✅ 已更新港彩下一期开奖时间信息
2026-09-29 04:27:07 - INFO - ================================================================================
2026-09-29 04:27:07 - INFO - 
开始获取新澳开奖结果...
2026-09-29 04:27:07 - INFO - 尝试从主API获取新澳数据: https://macaumarksix.com/api/macaujc2.com
2026-09-29 04:27:07 - INFO - 新澳开奖结果：第271期：25 02 05 22 20 31 特码 35
2026-09-29 04:27:07 - INFO - ✅ 已保存新澳开奖结果到 xam.txt
2026-09-29 04:27:07 - INFO - ✅ 已更新新澳下一期开奖时间信息
2026-09-29 04:27:09 - INFO - ================================================================================
2026-09-29 04:27:09 - INFO - 
开始获取老澳开奖结果...
2026-09-29 04:27:09 - INFO - 尝试从主API获取老澳数据: https://macaumarksix.com/api/live
2026-09-29 04:27:09 - INFO - 老澳开奖结果：第271期：18 45 02 10 49 46 特码 29
2026-09-29 04:27:09 - INFO - ✅ 已保存老澳开奖结果到 lam.txt
2026-09-29 04:27:09 - INFO - ✅ 已更新老澳下一期开奖时间信息
2026-09-29 04:27:10 - INFO - ================================================================================
2026-09-29 04:27:10 - INFO - 
开始获取快乐8开奖结果...
2026-09-29 04:27:10 - INFO - 尝试从主API获取快乐8数据: https://49xr.cc/data/xjp.js
2026-09-29 04:27:11 - ERROR - 获取API数据出错: ('Connection aborted.', RemoteDisconnected('Remote end closed connection without response'))
2026-09-29 04:27:11 - ERROR - ❌ 获取快乐8数据失败
2026-09-29 04:27:11 - INFO - 
✅ time.txt 读取成功
2026-09-29 04:27:11 - INFO - === time.txt 内容 ===
2026-09-29 04:27:11 - INFO - 港彩第105期：09月27日 21点32分
新澳第272期：09月29日 21点32分
老澳第272期：09月29日 22点32分
2026-09-29 04:27:11 - INFO - === time.txt 内容结束 ===

================= 日志内容结束 =================
